[
    {
        "id": 474474,
        "link": "/film/everything-everywhere-all-at-once/"
    },
    {
        "id": 868558,
        "link": "/film/aftersun/"
    },
    {
        "id": 781326,
        "link": "/film/marcel-the-shell-with-shoes-on-2021/"
    },
    {
        "id": 679291,
        "link": "/film/drive-my-car/"
    },
    {
        "id": 508037,
        "link": "/film/rrr/"
    },
    {
        "id": 905001,
        "link": "/film/all-the-beauty-and-the-bloodshed/"
    },
    {
        "id": 242285,
        "link": "/film/puss-in-boots-the-last-wish/"
    },
    {
        "id": 585258,
        "link": "/film/the-worst-person-in-the-world/"
    },
    {
        "id": 833751,
        "link": "/film/love-deutschmarks-and-death/"
    },
    {
        "id": 866275,
        "link": "/film/joyland-2022/"
    },
    {
        "id": 598882,
        "link": "/film/the-banshees-of-inisherin/"
    },
    {
        "id": 812015,
        "link": "/film/close-2022/"
    },
    {
        "id": 819863,
        "link": "/film/fire-of-love-2022/"
    },
    {
        "id": 822333,
        "link": "/film/the-quiet-girl/"
    },
    {
        "id": 763326,
        "link": "/film/the-beasts-2022/"
    },
    {
        "id": 721288,
        "link": "/film/the-fabelmans/"
    },
    {
        "id": 721080,
        "link": "/film/the-eight-mountains/"
    },
    {
        "id": 861294,
        "link": "/film/moonage-daydream/"
    },
    {
        "id": 293465,
        "link": "/film/top-gun-maverick/"
    },
    {
        "id": 348914,
        "link": "/film/the-batman/"
    },
    {
        "id": 484263,
        "link": "/film/guillermo-del-toros-pinocchio/"
    },
    {
        "id": 16530,
        "link": "/film/all-quiet-on-the-western-front-2022/"
    },
    {
        "id": 629320,
        "link": "/film/decision-to-leave/"
    },
    {
        "id": 711707,
        "link": "/film/happening/"
    },
    {
        "id": 638659,
        "link": "/film/trenque-lauquen/"
    },
    {
        "id": 734096,
        "link": "/film/tar-2022/"
    },
    {
        "id": 724354,
        "link": "/film/vortex-2021/"
    },
    {
        "id": 637929,
        "link": "/film/argentina-1985/"
    },
    {
        "id": 371378,
        "link": "/film/dune-2021/"
    },
    {
        "id": 606734,
        "link": "/film/burning-days/"
    },
    {
        "id": 820105,
        "link": "/film/the-territory-2022/"
    },
    {
        "id": 513206,
        "link": "/film/after-yang/"
    },
    {
        "id": 560787,
        "link": "/film/spider-man-no-way-home/"
    },
    {
        "id": 638324,
        "link": "/film/no-dogs-or-italians-allowed/"
    },
    {
        "id": 730798,
        "link": "/film/cha-cha-real-smooth/"
    },
    {
        "id": 820013,
        "link": "/film/the-janes/"
    },
    {
        "id": 864191,
        "link": "/film/godland/"
    },
    {
        "id": 832240,
        "link": "/film/navalny/"
    },
    {
        "id": 861954,
        "link": "/film/the-blue-caftan/"
    },
    {
        "id": 542773,
        "link": "/film/babylon-2022/"
    },
    {
        "id": 644130,
        "link": "/film/de-humani-corporis-fabrica/"
    },
    {
        "id": 874617,
        "link": "/film/blue-jean/"
    },
    {
        "id": 834130,
        "link": "/film/the-novelists-film/"
    },
    {
        "id": 819861,
        "link": "/film/descendant-2022/"
    },
    {
        "id": 658830,
        "link": "/film/broker-2022/"
    },
    {
        "id": 696310,
        "link": "/film/women-talking/"
    },
    {
        "id": 839197,
        "link": "/film/bad-axe/"
    },
    {
        "id": 908010,
        "link": "/film/how-to-blow-up-a-pipeline/"
    },
    {
        "id": 834131,
        "link": "/film/return-to-dust-2022/"
    },
    {
        "id": 831182,
        "link": "/film/saint-omer/"
    },
    {
        "id": 853822,
        "link": "/film/pearl-2022/"
    },
    {
        "id": 898492,
        "link": "/film/safe-place/"
    },
    {
        "id": 918425,
        "link": "/film/wildcat-2022/"
    },
    {
        "id": 820101,
        "link": "/film/nothing-compares/"
    },
    {
        "id": 762717,
        "link": "/film/kings-of-the-world/"
    },
    {
        "id": 706747,
        "link": "/film/sick-of-myself/"
    },
    {
        "id": 682547,
        "link": "/film/nope/"
    },
    {
        "id": 825457,
        "link": "/film/rmn/"
    },
    {
        "id": 622654,
        "link": "/film/thirteen-lives/"
    },
    {
        "id": 427970,
        "link": "/film/triangle-of-sadness/"
    },
    {
        "id": 865415,
        "link": "/film/sidney/"
    },
    {
        "id": 913163,
        "link": "/film/sr/"
    },
    {
        "id": 647008,
        "link": "/film/the-woman-king/"
    },
    {
        "id": 857071,
        "link": "/film/return-to-seoul/"
    },
    {
        "id": 875416,
        "link": "/film/good-night-oppy/"
    },
    {
        "id": 721533,
        "link": "/film/alcarras/"
    },
    {
        "id": 607908,
        "link": "/film/girl-picture/"
    },
    {
        "id": 703478,
        "link": "/film/the-whale-2022/"
    },
    {
        "id": 709299,
        "link": "/film/bones-and-all/"
    },
    {
        "id": 753393,
        "link": "/film/murina/"
    },
    {
        "id": 768620,
        "link": "/film/till/"
    },
    {
        "id": 800848,
        "link": "/film/holy-spider/"
    },
    {
        "id": 833752,
        "link": "/film/happiness-2022/"
    },
    {
        "id": 914183,
        "link": "/film/louis-armstrongs-black-blues/"
    },
    {
        "id": 63058,
        "link": "/film/avatar-the-way-of-water/"
    },
    {
        "id": 918061,
        "link": "/film/kanaval-a-peoples-history-of-haiti-in-six-chapters/"
    },
    {
        "id": 615134,
        "link": "/film/pacifiction/"
    },
    {
        "id": 899800,
        "link": "/film/amerikatsi/"
    },
    {
        "id": 737072,
        "link": "/film/the-five-devils/"
    },
    {
        "id": 737087,
        "link": "/film/the-good-boss/"
    },
    {
        "id": 820065,
        "link": "/film/a-house-made-of-splinters/"
    },
    {
        "id": 905842,
        "link": "/film/the-sparring-partner/"
    },
    {
        "id": 819868,
        "link": "/film/the-exiles-2022/"
    },
    {
        "id": 839035,
        "link": "/film/gabby-giffords-wont-back-down/"
    },
    {
        "id": 581946,
        "link": "/film/jackass-forever/"
    },
    {
        "id": 933487,
        "link": "/film/the-cathedral-2022/"
    },
    {
        "id": 820098,
        "link": "/film/all-that-breathes/"
    },
    {
        "id": 819836,
        "link": "/film/klondike-2022/"
    },
    {
        "id": 630333,
        "link": "/film/emily-2022/"
    },
    {
        "id": 686389,
        "link": "/film/prey-2022/"
    },
    {
        "id": 680635,
        "link": "/film/living-2022/"
    },
    {
        "id": 832441,
        "link": "/film/alis/"
    },
    {
        "id": 703943,
        "link": "/film/eo/"
    },
    {
        "id": 753034,
        "link": "/film/small-body/"
    },
    {
        "id": 833502,
        "link": "/film/see-you-friday-robinson/"
    },
    {
        "id": 521323,
        "link": "/film/the-menu-2022/"
    },
    {
        "id": 438727,
        "link": "/film/turning-red/"
    },
    {
        "id": 755255,
        "link": "/film/scarlet/"
    },
    {
        "id": 753106,
        "link": "/film/she-said-2022/"
    },
    {
        "id": 819648,
        "link": "/film/barbarian-2022/"
    }
]
