[
    {
        "id": 51804,
        "link": "/film/willy-wonka-the-chocolate-factory/"
    },
    {
        "id": 49931,
        "link": "/film/young-frankenstein/"
    },
    {
        "id": 51629,
        "link": "/film/bonnie-and-clyde/"
    },
    {
        "id": 45631,
        "link": "/film/blazing-saddles/"
    },
    {
        "id": 32205,
        "link": "/film/the-producers/"
    },
    {
        "id": 45524,
        "link": "/film/see-no-evil-hear-no-evil/"
    },
    {
        "id": 45127,
        "link": "/film/everything-you-always-wanted-to-know-about-sex-but-were-afraid-to-ask/"
    },
    {
        "id": 38279,
        "link": "/film/stir-crazy/"
    },
    {
        "id": 45190,
        "link": "/film/silver-streak/"
    },
    {
        "id": 31630,
        "link": "/film/alice-in-wonderland-1999/"
    },
    {
        "id": 26869,
        "link": "/film/the-little-prince/"
    },
    {
        "id": 48531,
        "link": "/film/the-woman-in-red/"
    },
    {
        "id": 982775,
        "link": "/film/remembering-gene-wilder/"
    },
    {
        "id": 41296,
        "link": "/film/the-frisco-kid/"
    },
    {
        "id": 441800,
        "link": "/film/love-gilda/"
    },
    {
        "id": 37019,
        "link": "/film/haunted-honeymoon/"
    },
    {
        "id": 32489,
        "link": "/film/the-adventure-of-sherlock-holmes-smarter-brother/"
    },
    {
        "id": 39432,
        "link": "/film/start-the-revolution-without-me/"
    },
    {
        "id": 36363,
        "link": "/film/hanky-panky/"
    },
    {
        "id": 274149,
        "link": "/film/the-last-laugh-2016/"
    },
    {
        "id": 25469,
        "link": "/film/rhinoceros/"
    },
    {
        "id": 37442,
        "link": "/film/another-you/"
    },
    {
        "id": 127714,
        "link": "/film/richard-pryor-omit-the-logic/"
    },
    {
        "id": 19678,
        "link": "/film/the-worlds-greatest-lover/"
    },
    {
        "id": 169297,
        "link": "/film/death-of-a-salesman-1966/"
    },
    {
        "id": 25515,
        "link": "/film/funny-about-love/"
    },
    {
        "id": 502994,
        "link": "/film/mel-brooks-unwrapped/"
    },
    {
        "id": 150554,
        "link": "/film/mel-brooks-make-a-noise/"
    },
    {
        "id": 7339,
        "link": "/film/quackser-fortune-has-a-cousin-in-the-bronx/"
    },
    {
        "id": 347453,
        "link": "/film/pure-imagination-the-story-of-willy-wonka-the-chocolate-factory/"
    },
    {
        "id": 155964,
        "link": "/film/thursdays-game/"
    },
    {
        "id": 112508,
        "link": "/film/murder-in-a-small-town/"
    },
    {
        "id": 105852,
        "link": "/film/sunday-lovers/"
    },
    {
        "id": 34347,
        "link": "/film/richard-pryor-i-aint-dead-yet/"
    },
    {
        "id": 49825,
        "link": "/film/making-frankensense-of-young-frankenstein/"
    },
    {
        "id": 349413,
        "link": "/film/the-lady-in-question-1999/"
    },
    {
        "id": 124361,
        "link": "/film/expo-magic-of-the-white-city/"
    },
    {
        "id": 290277,
        "link": "/film/scarecrow-1972/"
    },
    {
        "id": 152803,
        "link": "/film/role-model-gene-wilder/"
    },
    {
        "id": 296135,
        "link": "/film/marty-feldman-six-degrees-of-separation/"
    },
    {
        "id": 610584,
        "link": "/film/the-making-of-the-producers/"
    },
    {
        "id": 458857,
        "link": "/film/blacks-and-jews/"
    },
    {
        "id": 49781,
        "link": "/film/frankenstein-a-cinematic-scrapbook/"
    },
    {
        "id": 865406,
        "link": "/film/hello-actors-studio/"
    },
    {
        "id": 207195,
        "link": "/film/hitler-the-comedy-years/"
    },
    {
        "id": 743285,
        "link": "/film/private-screenings-robert-osborne/"
    },
    {
        "id": 693256,
        "link": "/film/baryshnikov-in-hollywood/"
    },
    {
        "id": 317585,
        "link": "/film/acts-of-love-and-other-comedies/"
    },
    {
        "id": 872073,
        "link": "/film/wilder/"
    },
    {
        "id": 1271629,
        "link": "/film/blaze-of-glory-mel-brooks-wild-wild-west/"
    },
    {
        "id": 1075989,
        "link": "/film/the-trouble-with-people/"
    }
]
